// Jest Snapshot v1, https://goo.gl/fbAQLP

exports[`AsSeen renders 1`] = `
<div
  className="container"
>
  <div
    className="row"
  >
    <div
      className="col-sm-6 col-md-6"
    >
      <h2>
        As seen in
      </h2>
      <div
        className="divider-1"
      >
        <span />
      </div>
      <br />
    </div>
  </div>
  <div
    className="row"
  >
    <Outlet
      alt="Wired"
      key="wired.svg"
      src="wired.svg"
      url="https://www.wired.co.uk/article/codeyourfuture-refugee-coding-school"
    />
    <Outlet
      alt="UNHCR"
      key="unhcr.png"
      src="unhcr.png"
      url="https://www.unhcr.org/news/stories/2017/1/586e420c7/volunteers-train-refugees-to-crack-into-london-tech-industry.html"
    />
    <Outlet
      alt="Refugees Deeply"
      key="refugees-deeply.jpeg"
      src="refugees-deeply.jpeg"
      url="https://www.newsdeeply.com/refugees/articles/2016/10/19/welcome-to-londons-refugee-coding-school"
    />
    <Outlet
      alt="BBC"
      key="bbc.svg"
      src="bbc.svg"
      url="http://www.bbc.co.uk/programmes/p04yzrrg"
    />
  </div>
</div>
`;
