// Jest Snapshot v1, https://goo.gl/fbAQLP

exports[`SectionHeading Component renders correctly 1`] = `<div />`;
