// Jest Snapshot v1, https://goo.gl/fbAQLP

exports[`Navigation Component renders 1`] = `
<Uncontrolled(Navbar)
  bsStyle="default"
  collapseOnSelect={true}
>
  <NavbarHeader>
    <Link
      replace={false}
      to="/"
    >
      <img
        alt="logo"
        src="cyf_brand.png"
        style={
          Object {
            "height": "50px",
            "width": "158px",
          }
        }
      />
    </Link>
    <NavbarToggle />
  </NavbarHeader>
  <NavbarCollapse>
    <Nav
      bsClass="nav"
      justified={false}
      onSelect={[Function]}
      pullLeft={false}
      pullRight={true}
      stacked={false}
    >
      <LinkContainer
        activeClassName="active"
        exact={false}
        replace={false}
        strict={false}
        to="/about"
      >
        <NavItem
          active={false}
          disabled={false}
          eventKey={1}
        >
          About
        </NavItem>
      </LinkContainer>
      <LinkContainer
        activeClassName="active"
        exact={false}
        replace={false}
        strict={false}
        to="/students"
      >
        <NavItem
          active={false}
          disabled={false}
          eventKey={1}
        >
          Students
        </NavItem>
      </LinkContainer>
      <LinkContainer
        activeClassName="active"
        exact={false}
        replace={false}
        strict={false}
        to="/volunteers"
      >
        <NavItem
          active={false}
          disabled={false}
          eventKey={1}
        >
          Volunteers
        </NavItem>
      </LinkContainer>
      <LinkContainer
        activeClassName="active"
        exact={false}
        replace={false}
        strict={false}
        to="/events"
      >
        <NavItem
          active={false}
          disabled={false}
          eventKey={1}
        >
          Events
        </NavItem>
      </LinkContainer>
      <LinkContainer
        activeClassName="active"
        exact={false}
        replace={false}
        strict={false}
        to="/partners"
      >
        <NavItem
          active={false}
          disabled={false}
          eventKey={1}
        >
          Partners
        </NavItem>
      </LinkContainer>
      <LinkContainer
        activeClassName="active"
        exact={false}
        replace={false}
        strict={false}
        to="/meet-the-team"
      >
        <NavItem
          active={false}
          disabled={false}
          eventKey={1}
        >
          Meet the team
        </NavItem>
      </LinkContainer>
      <NavItem
        active={false}
        className="nav-icon"
        disabled={false}
        eventKey="blog"
      >
        Blog
      </NavItem>
      <LinkContainer
        activeClassName="active"
        exact={false}
        replace={false}
        strict={false}
        to="/donate"
      >
        <NavItem
          active={false}
          className="nav-icon"
          disabled={false}
          eventKey={1}
        >
          <strong
            style={
              Object {
                "color": "#2ba560",
              }
            }
          >
            Donate
          </strong>
        </NavItem>
      </LinkContainer>
      <Component
        auth={
          Object {
            "isAuthenticated": [MockFunction],
          }
        }
      />
    </Nav>
  </NavbarCollapse>
</Uncontrolled(Navbar)>
`;
