// Jest Snapshot v1, https://goo.gl/fbAQLP

exports[`InnerContainer Component renders correctly 1`] = `
<div
  className="css-89slzz"
/>
`;
