// Jest Snapshot v1, https://goo.gl/fbAQLP

exports[`Event Component renders 1`] = `
<div
  className="css-1ebjmhl"
>
  <div
    className="css-1rheyj1"
  >
    <div
      className="css-1f11qlz"
    >
      <h1 />
      <p
        className="css-a0s8e9"
      >
        <span>
          April 15, 2018
        </span>
        <span>
           - 
        </span>
      </p>
      <div
        className="css-hroent"
      >
        <p>
          <span />
        </p>
      </div>
      <section
        className="css-1thas9u"
      >
        <h5>
          Volunteers: 
          0
        </h5>
        <button
          className="css-1b7napj btn btn-default"
          disabled={false}
          onClick={[Function]}
          type="button"
        >
          Attend this event
        </button>
      </section>
      <hr
        className="css-1d8iqsy"
      />
      <p
        className="css-ofsyx7"
      />
      <div>
        <a
          className="css-t25ae"
          href="/events"
          onClick={[Function]}
        >
          Back to event listing
        </a>
      </div>
    </div>
  </div>
</div>
`;
