// Jest Snapshot v1, https://goo.gl/fbAQLP

exports[`SectionBody Component renders correctly 1`] = `<Styled(div) />`;
