// Jest Snapshot v1, https://goo.gl/fbAQLP

exports[`Divider Component renders correctly 1`] = `
<div
  className="divider-1"
>
  <span />
</div>
`;
